
                 ./       |      |        \.
               .:(        |i __ j|        ):`.
             .'   `._     |`::::'|     _.'    `.
           .'        "---.j `::' f.---"         `.
     _____/     ___    ____      __    __  ____   ___    
    |      \   |   |  |     `__'|  \  /  ||    | |   \    
    |  .-.  | .'   `| | .-.  |-/|   \/   || ___| |  . \   
    |  |_|  | |  i  | | |_| /"":|        || |    | | \ \  
    |       / | .^. | |    /::::|        || |__. | |  \ \ 
    |  ----'  | | | | |    \ :: |        ||  __| | |  |  )
    |  |     .' ''' `.|  |\ \   |  i  i  j| |    . | /  /  
    |  |     |   _   ||  | \ \  |  |\/|  || |__. | |.  / .
   [|  |     |  | |  ||  |  \ \ |  |  |  ||    | |    /   ].
  ] `--'     :--' `--::--'   \_|`--' ::--"|____|-"-- /    :[
  |      __  ::-'''`.:' "--.    .----::.----:: ,.---._    :|
  [  .-""  "`'              \  /      "      `'       `-. :].
 ]:.'                        \/                          `.:[
 |/                                                        \|

ParmEd: a Parameter file Editor


Loaded Amber topology file Fe_plus2_solvated.prmtop
['mcpbpy_parmed.in']
Reading actions from mcpbpy_parmed.in

             Atom 1              Atom 2       R eq   Frc Cnst

             Atom 1               Atom 2               Atom 3   Frc Cnst   Theta eq

               Atom 1               Atom 2               Atom 3               Atom 4     Height  Periodic.      Phase  EEL Scale  VDW Scale


The mask :FE1 matches 1 atoms:

   ATOM    RES  RESNAME  NAME  TYPE   At.#   LJ Radius    LJ Depth      Mass    Charge GB Radius GB Screen
      1      1      FE1    FE    M1     26      1.3910      0.0143   55.8500   -0.0038    1.5000    0.8000

Done!
