
                                  /^^^/           /]
                                 /   ]           / ]
                         _______/    ]___       /  ]
                        /                \_____/   /
                      _/   [@]  \ \                \
                     /..         | |                ]
                      VVVvvv\    | |         _/\    ]
          P A R M E D       |               /    \  ]
                     AAA^^^^^              /       \]
                      \_________\   \_____/
                                \    \
                                 \____\

ParmEd: a Parameter file Editor


Loaded Amber topology file Fe_plus2_dry.prmtop
['mcpbpy_parmed.in']
Reading actions from mcpbpy_parmed.in

             Atom 1              Atom 2       R eq   Frc Cnst
      1   FE (  M1)       2    N (  Y7)     1.9984    46.1000
      1   FE (  M1)      13   N1 (  Y8)     1.9964    45.5000
      1   FE (  M1)      22    N (  Y9)     1.9970    45.0000
      1   FE (  M1)      33   N1 (  Z1)     1.9989    46.3000
      1   FE (  M1)      42    N (  Z2)     1.9985    47.6000
      1   FE (  M1)      53   N1 (  Z3)     1.9981    45.4000

             Atom 1               Atom 2               Atom 3   Frc Cnst   Theta eq
      1   FE (  M1)        2    N (  Y7)        3    C (  ca)   171.9700   126.7601
      1   FE (  M1)        2    N (  Y7)        7   C4 (  cp)   159.0900   114.9600
      1   FE (  M1)       13   N1 (  Y8)        8   C5 (  cp)   161.1000   115.0300
      1   FE (  M1)       13   N1 (  Y8)       12   C9 (  ca)   175.0800   126.7101
      1   FE (  M1)       22    N (  Y9)       23    C (  ca)   175.2900   126.6601
      1   FE (  M1)       22    N (  Y9)       27   C4 (  cp)   161.0800   115.0700
      1   FE (  M1)       33   N1 (  Z1)       28   C5 (  cp)   160.7100   114.9800
      1   FE (  M1)       33   N1 (  Z1)       32   C9 (  ca)   174.6300   126.7601
      1   FE (  M1)       42    N (  Z2)       43    C (  ca)   174.3700   126.7501
      1   FE (  M1)       42    N (  Z2)       47   C4 (  cp)   160.3900   114.9900
      1   FE (  M1)       53   N1 (  Z3)       48   C5 (  cp)   162.5400   115.0300
      1   FE (  M1)       53   N1 (  Z3)       52   C9 (  ca)   177.3900   126.7001
     13   N1 (  Y8)        1   FE (  M1)       22    N (  Y9)   142.5100    88.7800
     13   N1 (  Y8)        1   FE (  M1)       33   N1 (  Z1)   124.8000    95.2500
     13   N1 (  Y8)        1   FE (  M1)       42    N (  Z2)   173.4900   174.9601
     13   N1 (  Y8)        1   FE (  M1)       53   N1 (  Z3)   127.7300    95.2200
      2    N (  Y7)        1   FE (  M1)       13   N1 (  Y8)   113.6600    81.2000
      2    N (  Y7)        1   FE (  M1)       22    N (  Y9)   124.2600    95.3400
      2    N (  Y7)        1   FE (  M1)       33   N1 (  Z1)   167.9300   175.1001
      2    N (  Y7)        1   FE (  M1)       42    N (  Z2)   129.4100    95.1600
      2    N (  Y7)        1   FE (  M1)       53   N1 (  Z3)   133.6700    88.6300
     33   N1 (  Z1)        1   FE (  M1)       42    N (  Z2)   139.7400    88.5800
     33   N1 (  Z1)        1   FE (  M1)       53   N1 (  Z3)   128.3600    95.0800
     22    N (  Y9)        1   FE (  M1)       33   N1 (  Z1)   117.2900    81.1600
     22    N (  Y9)        1   FE (  M1)       42    N (  Z2)   129.4600    95.0500
     22    N (  Y9)        1   FE (  M1)       53   N1 (  Z3)   173.9900   174.7701
     42    N (  Z2)        1   FE (  M1)       53   N1 (  Z3)   113.7000    81.1700

               Atom 1               Atom 2               Atom 3               Atom 4     Height  Periodic.      Phase  EEL Scale  VDW Scale
        1   FE (  M1)        2    N (  Y7)        3    C (  ca)        4   C1 (  ca)     0.0000     3.0000     0.0000     1.2000     2.0000
        1   FE (  M1)        2    N (  Y7)        7   C4 (  cp)        6   C3 (  ca)     0.0000     3.0000     0.0000     1.2000     2.0000
M       1   FE (  M1)        2    N (  Y7)        7   C4 (  cp)        8   C5 (  cp)     0.0000     3.0000     0.0000     1.2000     2.0000
M       1   FE (  M1)       13   N1 (  Y8)        8   C5 (  cp)        7   C4 (  cp)     0.0000     3.0000     0.0000     1.2000     2.0000
        1   FE (  M1)       13   N1 (  Y8)        8   C5 (  cp)        9   C6 (  ca)     0.0000     3.0000     0.0000     1.2000     2.0000
        1   FE (  M1)       13   N1 (  Y8)       12   C9 (  ca)       11   C8 (  ca)     0.0000     3.0000     0.0000     1.2000     2.0000
        1   FE (  M1)       22    N (  Y9)       23    C (  ca)       24   C1 (  ca)     0.0000     3.0000     0.0000     1.2000     2.0000
        1   FE (  M1)       22    N (  Y9)       27   C4 (  cp)       26   C3 (  ca)     0.0000     3.0000     0.0000     1.2000     2.0000
M       1   FE (  M1)       22    N (  Y9)       27   C4 (  cp)       28   C5 (  cp)     0.0000     3.0000     0.0000     1.2000     2.0000
M       1   FE (  M1)       33   N1 (  Z1)       28   C5 (  cp)       27   C4 (  cp)     0.0000     3.0000     0.0000     1.2000     2.0000
        1   FE (  M1)       33   N1 (  Z1)       28   C5 (  cp)       29   C6 (  ca)     0.0000     3.0000     0.0000     1.2000     2.0000
        1   FE (  M1)       33   N1 (  Z1)       32   C9 (  ca)       31   C8 (  ca)     0.0000     3.0000     0.0000     1.2000     2.0000
        1   FE (  M1)       42    N (  Z2)       43    C (  ca)       44   C1 (  ca)     0.0000     3.0000     0.0000     1.2000     2.0000
        1   FE (  M1)       42    N (  Z2)       47   C4 (  cp)       46   C3 (  ca)     0.0000     3.0000     0.0000     1.2000     2.0000
M       1   FE (  M1)       42    N (  Z2)       47   C4 (  cp)       48   C5 (  cp)     0.0000     3.0000     0.0000     1.2000     2.0000
M       1   FE (  M1)       53   N1 (  Z3)       48   C5 (  cp)       47   C4 (  cp)     0.0000     3.0000     0.0000     1.2000     2.0000
        1   FE (  M1)       53   N1 (  Z3)       48   C5 (  cp)       49   C6 (  ca)     0.0000     3.0000     0.0000     1.2000     2.0000
        1   FE (  M1)       53   N1 (  Z3)       52   C9 (  ca)       51   C8 (  ca)     0.0000     3.0000     0.0000     1.2000     2.0000
       13   N1 (  Y8)        1   FE (  M1)       22    N (  Y9)       23    C (  ca)     0.0000     3.0000     0.0000     1.2000     2.0000
       13   N1 (  Y8)        1   FE (  M1)       22    N (  Y9)       27   C4 (  cp)     0.0000     3.0000     0.0000     1.2000     2.0000
       13   N1 (  Y8)        1   FE (  M1)       33   N1 (  Z1)       28   C5 (  cp)     0.0000     3.0000     0.0000     1.2000     2.0000
       13   N1 (  Y8)        1   FE (  M1)       33   N1 (  Z1)       32   C9 (  ca)     0.0000     3.0000     0.0000     1.2000     2.0000
       13   N1 (  Y8)        1   FE (  M1)       42    N (  Z2)       43    C (  ca)     0.0000     3.0000     0.0000     1.2000     2.0000
       13   N1 (  Y8)        1   FE (  M1)       42    N (  Z2)       47   C4 (  cp)     0.0000     3.0000     0.0000     1.2000     2.0000
       13   N1 (  Y8)        1   FE (  M1)       53   N1 (  Z3)       48   C5 (  cp)     0.0000     3.0000     0.0000     1.2000     2.0000
       13   N1 (  Y8)        1   FE (  M1)       53   N1 (  Z3)       52   C9 (  ca)     0.0000     3.0000     0.0000     1.2000     2.0000
       22    N (  Y9)        1   FE (  M1)       13   N1 (  Y8)       12   C9 (  ca)     0.0000     3.0000     0.0000     1.2000     2.0000
       33   N1 (  Z1)        1   FE (  M1)       13   N1 (  Y8)       12   C9 (  ca)     0.0000     3.0000     0.0000     1.2000     2.0000
       42    N (  Z2)        1   FE (  M1)       13   N1 (  Y8)       12   C9 (  ca)     0.0000     3.0000     0.0000     1.2000     2.0000
       53   N1 (  Z3)        1   FE (  M1)       13   N1 (  Y8)       12   C9 (  ca)     0.0000     3.0000     0.0000     1.2000     2.0000
       22    N (  Y9)        1   FE (  M1)       13   N1 (  Y8)        8   C5 (  cp)     0.0000     3.0000     0.0000     1.2000     2.0000
       33   N1 (  Z1)        1   FE (  M1)       13   N1 (  Y8)        8   C5 (  cp)     0.0000     3.0000     0.0000     1.2000     2.0000
       42    N (  Z2)        1   FE (  M1)       13   N1 (  Y8)        8   C5 (  cp)     0.0000     3.0000     0.0000     1.2000     2.0000
       53   N1 (  Z3)        1   FE (  M1)       13   N1 (  Y8)        8   C5 (  cp)     0.0000     3.0000     0.0000     1.2000     2.0000
M      13   N1 (  Y8)        1   FE (  M1)        2    N (  Y7)        7   C4 (  cp)     0.0000     3.0000     0.0000     1.2000     2.0000
       22    N (  Y9)        1   FE (  M1)        2    N (  Y7)        7   C4 (  cp)     0.0000     3.0000     0.0000     1.2000     2.0000
       33   N1 (  Z1)        1   FE (  M1)        2    N (  Y7)        7   C4 (  cp)     0.0000     3.0000     0.0000     1.2000     2.0000
       42    N (  Z2)        1   FE (  M1)        2    N (  Y7)        7   C4 (  cp)     0.0000     3.0000     0.0000     1.2000     2.0000
       53   N1 (  Z3)        1   FE (  M1)        2    N (  Y7)        7   C4 (  cp)     0.0000     3.0000     0.0000     1.2000     2.0000
       13   N1 (  Y8)        1   FE (  M1)        2    N (  Y7)        3    C (  ca)     0.0000     3.0000     0.0000     1.2000     2.0000
       22    N (  Y9)        1   FE (  M1)        2    N (  Y7)        3    C (  ca)     0.0000     3.0000     0.0000     1.2000     2.0000
       33   N1 (  Z1)        1   FE (  M1)        2    N (  Y7)        3    C (  ca)     0.0000     3.0000     0.0000     1.2000     2.0000
       42    N (  Z2)        1   FE (  M1)        2    N (  Y7)        3    C (  ca)     0.0000     3.0000     0.0000     1.2000     2.0000
       53   N1 (  Z3)        1   FE (  M1)        2    N (  Y7)        3    C (  ca)     0.0000     3.0000     0.0000     1.2000     2.0000
M       2    N (  Y7)        1   FE (  M1)       13   N1 (  Y8)        8   C5 (  cp)     0.0000     3.0000     0.0000     1.2000     2.0000
        2    N (  Y7)        1   FE (  M1)       13   N1 (  Y8)       12   C9 (  ca)     0.0000     3.0000     0.0000     1.2000     2.0000
        2    N (  Y7)        1   FE (  M1)       22    N (  Y9)       23    C (  ca)     0.0000     3.0000     0.0000     1.2000     2.0000
        2    N (  Y7)        1   FE (  M1)       22    N (  Y9)       27   C4 (  cp)     0.0000     3.0000     0.0000     1.2000     2.0000
        2    N (  Y7)        1   FE (  M1)       33   N1 (  Z1)       28   C5 (  cp)     0.0000     3.0000     0.0000     1.2000     2.0000
        2    N (  Y7)        1   FE (  M1)       33   N1 (  Z1)       32   C9 (  ca)     0.0000     3.0000     0.0000     1.2000     2.0000
        2    N (  Y7)        1   FE (  M1)       42    N (  Z2)       43    C (  ca)     0.0000     3.0000     0.0000     1.2000     2.0000
        2    N (  Y7)        1   FE (  M1)       42    N (  Z2)       47   C4 (  cp)     0.0000     3.0000     0.0000     1.2000     2.0000
        2    N (  Y7)        1   FE (  M1)       53   N1 (  Z3)       48   C5 (  cp)     0.0000     3.0000     0.0000     1.2000     2.0000
        2    N (  Y7)        1   FE (  M1)       53   N1 (  Z3)       52   C9 (  ca)     0.0000     3.0000     0.0000     1.2000     2.0000
       33   N1 (  Z1)        1   FE (  M1)       42    N (  Z2)       43    C (  ca)     0.0000     3.0000     0.0000     1.2000     2.0000
       33   N1 (  Z1)        1   FE (  M1)       42    N (  Z2)       47   C4 (  cp)     0.0000     3.0000     0.0000     1.2000     2.0000
       33   N1 (  Z1)        1   FE (  M1)       53   N1 (  Z3)       48   C5 (  cp)     0.0000     3.0000     0.0000     1.2000     2.0000
       33   N1 (  Z1)        1   FE (  M1)       53   N1 (  Z3)       52   C9 (  ca)     0.0000     3.0000     0.0000     1.2000     2.0000
       42    N (  Z2)        1   FE (  M1)       33   N1 (  Z1)       32   C9 (  ca)     0.0000     3.0000     0.0000     1.2000     2.0000
       53   N1 (  Z3)        1   FE (  M1)       33   N1 (  Z1)       32   C9 (  ca)     0.0000     3.0000     0.0000     1.2000     2.0000
       42    N (  Z2)        1   FE (  M1)       33   N1 (  Z1)       28   C5 (  cp)     0.0000     3.0000     0.0000     1.2000     2.0000
       53   N1 (  Z3)        1   FE (  M1)       33   N1 (  Z1)       28   C5 (  cp)     0.0000     3.0000     0.0000     1.2000     2.0000
M      33   N1 (  Z1)        1   FE (  M1)       22    N (  Y9)       27   C4 (  cp)     0.0000     3.0000     0.0000     1.2000     2.0000
       42    N (  Z2)        1   FE (  M1)       22    N (  Y9)       27   C4 (  cp)     0.0000     3.0000     0.0000     1.2000     2.0000
       53   N1 (  Z3)        1   FE (  M1)       22    N (  Y9)       27   C4 (  cp)     0.0000     3.0000     0.0000     1.2000     2.0000
       33   N1 (  Z1)        1   FE (  M1)       22    N (  Y9)       23    C (  ca)     0.0000     3.0000     0.0000     1.2000     2.0000
       42    N (  Z2)        1   FE (  M1)       22    N (  Y9)       23    C (  ca)     0.0000     3.0000     0.0000     1.2000     2.0000
       53   N1 (  Z3)        1   FE (  M1)       22    N (  Y9)       23    C (  ca)     0.0000     3.0000     0.0000     1.2000     2.0000
M      22    N (  Y9)        1   FE (  M1)       33   N1 (  Z1)       28   C5 (  cp)     0.0000     3.0000     0.0000     1.2000     2.0000
       22    N (  Y9)        1   FE (  M1)       33   N1 (  Z1)       32   C9 (  ca)     0.0000     3.0000     0.0000     1.2000     2.0000
       22    N (  Y9)        1   FE (  M1)       42    N (  Z2)       43    C (  ca)     0.0000     3.0000     0.0000     1.2000     2.0000
       22    N (  Y9)        1   FE (  M1)       42    N (  Z2)       47   C4 (  cp)     0.0000     3.0000     0.0000     1.2000     2.0000
       22    N (  Y9)        1   FE (  M1)       53   N1 (  Z3)       48   C5 (  cp)     0.0000     3.0000     0.0000     1.2000     2.0000
       22    N (  Y9)        1   FE (  M1)       53   N1 (  Z3)       52   C9 (  ca)     0.0000     3.0000     0.0000     1.2000     2.0000
M      53   N1 (  Z3)        1   FE (  M1)       42    N (  Z2)       47   C4 (  cp)     0.0000     3.0000     0.0000     1.2000     2.0000
       53   N1 (  Z3)        1   FE (  M1)       42    N (  Z2)       43    C (  ca)     0.0000     3.0000     0.0000     1.2000     2.0000
M      42    N (  Z2)        1   FE (  M1)       53   N1 (  Z3)       48   C5 (  cp)     0.0000     3.0000     0.0000     1.2000     2.0000
       42    N (  Z2)        1   FE (  M1)       53   N1 (  Z3)       52   C9 (  ca)     0.0000     3.0000     0.0000     1.2000     2.0000
        1   FE (  M1)        2    N (  Y7)        3    C (  ca)       21   H7 (  h4)     0.0000     3.0000     0.0000     1.2000     2.0000
        1   FE (  M1)       13   N1 (  Y8)       12   C9 (  ca)       14    H (  h4)     0.0000     3.0000     0.0000     1.2000     2.0000
        1   FE (  M1)       22    N (  Y9)       23    C (  ca)       41   H7 (  h4)     0.0000     3.0000     0.0000     1.2000     2.0000
        1   FE (  M1)       33   N1 (  Z1)       32   C9 (  ca)       34    H (  h4)     0.0000     3.0000     0.0000     1.2000     2.0000
        1   FE (  M1)       42    N (  Z2)       43    C (  ca)       61   H7 (  h4)     0.0000     3.0000     0.0000     1.2000     2.0000
        1   FE (  M1)       53   N1 (  Z3)       52   C9 (  ca)       54    H (  h4)     0.0000     3.0000     0.0000     1.2000     2.0000


The mask :FE1 matches 1 atoms:

   ATOM    RES  RESNAME  NAME  TYPE   At.#   LJ Radius    LJ Depth      Mass    Charge GB Radius GB Screen
      1      1      FE1    FE    M1     26      1.3910      0.0143   55.8500   -0.0068    1.5000    0.8000

Done!
