
          -------------------------------------------------------
          Amber 22 SANDER                              2022
          -------------------------------------------------------

| Run on 03/19/2024 at 19:26:08

|   Executable path: sander
| Working directory: /home/sunnyxun/projects/new_project_AutoMCPB/RedoxPotential/Fe/plus2/FFgen
|          Hostname: node7

  [-O]verwriting output

File Assignments:
|  MDIN: qmmmheat.in                                                           
| MDOUT: qmmmheat.out                                                          
|INPCRD: qmmm.ncrst                                                            
|  PARM: Fe_plus2_solvated.prmtop                                              
|RESTRT: qmmm.ncrst                                                            
|  REFC: refc                                                                  
| MDVEL: mdvel                                                                 
| MDFRC: mdfrc                                                                 
|  MDEN: mden                                                                  
| MDCRD: Fe_plus2_solvated-qmmmheat.netcdf                                     
|MDINFO: qmmmheat.info                                                         
|  MTMD: mtmd                                                                  
|INPDIP: inpdip                                                                
|RSTDIP: rstdip                                                                
|INPTRA: inptraj                                                               


 Here is the input file:

gpr QMMM qmmmheat.in                                                           
 &cntrl                                                                        
  imin   = 0,                                                                  
  ntx    = 1, ! 1-read in coordinates, but not velocity, 5-both                
  cut    = 8.0,                                                                
  ig     = -1, !random seed                                                    
  ntc    = 2, ntf    = 2, !Shake is used for solvent                           
  ntb    = 1,                                                                  
  tempi  = 300,                                                                
  temp0  = 300,                                                                
  ntt    = 3, ! 0=const. E, 1=rescale 3=Langevin dynamics 7-bussi              
  vrand  = 1,                                                                  
  tautp  = 0.01,                                                               
  gamma_ln = 5.0, !Langevin dynamics collision frequency                       
  nstlim = 1000,  !num steps                                                   
  dt     = 0.0005,  !in ps                                                     
  ntpr   = 1, !print details to log every step                                 
  ntwx   = 1, !write coordinates to mdcrd every step                           
  ntwr   = 1, !write restart file every step                                   
  ifqnt  = 1,!turn on QM/MM                                                    
/                                                                              
 &qmmm                                                                         
  qmmask    = ':1',                                                            
  qmcharge  = 0,                                                               
  qmcut     = 8,                                                               
  qmshake   = 0, !Shake QM H atoms if shake is turned on (NTC>1) (default)     
  qm_theory = 'EXTERN',                                                        
  qm_ewald  = 0,                                                               
  qmgb      = 0,                                                               
  verbosity = 2,                                                               
  writepdb  = 1,                                                               
 /                                                                             
 &tc                                                                           
  executable = 'terachem',                                                     
  use_template = 1,                                                            
 /                                                                             

--------------------------------------------------------------------------------
   1.  RESOURCE   USE: 
--------------------------------------------------------------------------------

| Flags:                                                                        
 getting new box info from bottom of inpcrd

  Error opening unit   30: File "qmmm.ncrst" is missing or unreadable                
