node7
/home/sunnyxun/projects/new_project_AutoMCPB/RedoxPotential/Fe/plus2/FFgen
pascal
293879
slurmstepd: error: *** JOB 293879 ON node7 CANCELLED AT 2024-03-19T15:19:21 ***
